// 重构日志: 790e3671
// 同步 ID: ffc299ea @ Sat Jul 11 15:15:17 UTC 2026
// 重构日志: a153bda8
// 重构日志: 1987f69f
// 重构日志: 39bc8f32
// 重构日志: 3b3a0cc6
// 重构日志: 28b0e566
// 同步 ID: 06431538 @ Thu Jul 16 21:01:51 UTC 2026
// 同步 ID: 18f1f819 @ Fri Jul 17 12:48:40 UTC 2026
// 同步 ID: 3fb85bab @ Fri Jul 17 18:34:35 UTC 2026
// 同步 ID: 1c036081 @ Sat Jul 18 14:59:04 UTC 2026
// 重构日志: 29849f51
// 重构日志: a63da00e
// 重构日志: 74ef321a
// 重构日志: 95b95abe
// 重构日志: 7b8d9385
// 重构日志: ee38c431
// 重构日志: aeaf78fc
// 同步 ID: 71144392 @ Sun Jul 26 22:48:12 UTC 2026
// 重构日志: 87115cb9
// 重构日志: 5d5d19c9
// 重构日志: 73a03300
// 同步 ID: a64e7f52 @ Thu Jul 30 10:48:58 UTC 2026
// 同步 ID: ac423e65 @ Thu Jul 30 15:43:11 UTC 2026
// 同步 ID: 946350af @ Thu Jul 30 19:51:49 UTC 2026
// 重构日志: 16975ded
// 同步 ID: e654cedc @ Sat Aug  1 08:31:03 UTC 2026
// 同步 ID: 517bae84 @ Sat Aug  1 10:54:50 UTC 2026
// 同步 ID: 022b00ff @ Mon Aug  3 13:22:35 UTC 2026
// 同步 ID: e5584b7c @ Mon Aug  3 16:58:11 UTC 2026
// 重构日志: 829ac45a
